[debug] [2026-09-24T00:12:06.509Z] ----------------------------------------------------------------------
[debug] [2026-09-24T00:12:06.512Z] Command:       /usr/local/bin/node /usr/local/bin/firebase apps:list --project sellerflow-efaab
[debug] [2026-09-24T00:12:06.512Z] CLI Version:   15.29.0
[debug] [2026-09-24T00:12:06.513Z] Platform:      linux
[debug] [2026-09-24T00:12:06.513Z] Node Version:  v22.23.2
[debug] [2026-09-24T00:12:06.513Z] Detected Agent: unknown
[debug] [2026-09-24T00:12:06.513Z] Time:          Thu Sep 24 2026 00:12:06 GMT+0000 (Coordinated Universal Time)
[debug] [2026-09-24T00:12:06.514Z] ----------------------------------------------------------------------
[debug] 
[debug] [2026-09-24T00:12:06.537Z] >>> [apiv2][query] GET https://firebase-public.firebaseio.com/cli.json [none]
[debug] [2026-09-24T00:12:06.898Z] > command requires scopes: ["email","openid","https://www.googleapis.com/auth/cloudplatformprojects.readonly","https://www.googleapis.com/auth/firebase","https://www.googleapis.com/auth/cloud-platform"]
[debug] [2026-09-24T00:12:06.938Z] Running auto auth
[debug] [2026-09-24T00:12:06.944Z] No OAuth tokens found
[debug] [2026-09-24T00:12:06.944Z] >>> [apiv2][query] GET https://firebase.googleapis.com/v1beta1/projects/sellerflow-efaab:searchApps pageSize=100
[debug] [2026-09-24T00:12:07.075Z] <<< [apiv2][status] GET https://firebase.googleapis.com/v1beta1/projects/sellerflow-efaab:searchApps 403
[debug] [2026-09-24T00:12:07.075Z] <<< [apiv2][body] GET https://firebase.googleapis.com/v1beta1/projects/sellerflow-efaab:searchApps {"error":{"code":403,"message":"Firebase Management API has not been used in project 257793138573 before or it is disabled. Enable it by visiting https://console.developers.google.com/apis/api/firebase.googleapis.com/overview?project=257793138573 then retry. If you enabled this API recently, wait a few minutes for the action to propagate to our systems and retry.","status":"PERMISSION_DENIED","details":[{"@type":"type.googleapis.com/google.rpc.ErrorInfo","reason":"SERVICE_DISABLED","domain":"googleapis.com","metadata":{"activationUrl":"https://console.developers.google.com/apis/api/firebase.googleapis.com/overview?project=257793138573","service":"firebase.googleapis.com","consumer":"projects/257793138573","containerInfo":"257793138573","serviceTitle":"Firebase Management API"}},{"@type":"type.googleapis.com/google.rpc.LocalizedMessage","locale":"en-US","message":"Firebase Management API has not been used in project 257793138573 before or it is disabled. Enable it by visiting https://console.developers.google.com/apis/api/firebase.googleapis.com/overview?project=257793138573 then retry. If you enabled this API recently, wait a few minutes for the action to propagate to our systems and retry."},{"@type":"type.googleapis.com/google.rpc.Help","links":[{"description":"Google developers console API activation","url":"https://console.developers.google.com/apis/api/firebase.googleapis.com/overview?project=257793138573"}]}]}}
[debug] [2026-09-24T00:12:07.076Z] Request to https://firebase.googleapis.com/v1beta1/projects/sellerflow-efaab:searchApps?pageSize=100 had HTTP Error: 403, Firebase Management API has not been used in project 257793138573 before or it is disabled. Enable it by visiting https://console.developers.google.com/apis/api/firebase.googleapis.com/overview?project=257793138573 then retry. If you enabled this API recently, wait a few minutes for the action to propagate to our systems and retry.
[debug] [2026-09-24T00:12:07.076Z] FirebaseError: Request to https://firebase.googleapis.com/v1beta1/projects/sellerflow-efaab:searchApps?pageSize=100 had HTTP Error: 403, Firebase Management API has not been used in project 257793138573 before or it is disabled. Enable it by visiting https://console.developers.google.com/apis/api/firebase.googleapis.com/overview?project=257793138573 then retry. If you enabled this API recently, wait a few minutes for the action to propagate to our systems and retry.
    at responseToError (/usr/local/lib/node_modules/firebase-tools/lib/responseToError.js:53:12)
    at RetryOperation._fn (/usr/local/lib/node_modules/firebase-tools/lib/apiv2.js:415:77)
    at process.processTicksAndRejections (node:internal/process/task_queues:103:5)
[error] 
[error] Error: Failed to list Firebase apps. See firebase-debug.log for more info.
[debug] [2026-09-24T00:12:07.114Z] <<< [apiv2][status] GET https://firebase-public.firebaseio.com/cli.json 200
[debug] [2026-09-24T00:12:07.114Z] <<< [apiv2][body] GET https://firebase-public.firebaseio.com/cli.json {"cloudBuildErrorAfter":1594252800000,"cloudBuildWarnAfter":1590019200000,"defaultNode10After":1594252800000,"minVersion":"3.0.5","node8DeploysDisabledAfter":1613390400000,"node8RuntimeDisabledAfter":1615809600000,"node8WarnAfter":1600128000000}
